Case #1: 1
Case #2: 0
Case #3: IMPOSSIBLE
Case #4: 2
Case #5: 0
Case #6: 5
Case #7: 0
Case #8: IMPOSSIBLE
Case #9: 29
Case #10: 56
Case #11: 29
