Case #1: 3 4 6
Case #2: 22 222
Case #3: 2 4
Case #4: 5 6 10 12
Case #5: 8 10 15 16
