Case #1: 101.000000
Case #2: 100.000000
Case #3: 33.333333
Case #4: 1000000000.000000
Case #5: 2.000000
Case #6: 20000.000000
Case #7: 1.025646
Case #8: 103781.033705
Case #9: 1500000000.000000
