Case #1: 1 0
Case #2: 1 0
Case #3: 1 1
Case #4: 0 0
Case #5: 500 499
Case #6: 1 0
Case #7: 0 0
Case #8: 0 0
Case #9: 0 0
Case #10: 250000 249999
Case #11: 0 0
Case #12: 1 0
Case #13: 0 0
Case #14: 1 0
Case #15: 1 1
Case #16: 0 0
Case #17: 2 1
Case #18: 3 2
Case #19: 0 0
Case #20: 0 0
Case #21: 0 0
Case #22: 0 0
Case #23: 1 1
Case #24: 0 0
Case #25: 249999 249999
Case #26: 250000 249999
Case #27: 0 0
Case #28: 0 0
Case #29: 0 0
Case #30: 0 0
Case #31: 0 0
Case #32: 1 1
Case #33: 1953 1952
Case #34: 0 0
Case #35: 0 0
Case #36: 0 0
Case #37: 0 0
Case #38: 1 0
Case #39: 3906 3905
Case #40: 1 0
Case #41: 1 1
Case #42: 0 0
Case #43: 0 0
Case #44: 0 0
Case #45: 0 0
Case #46: 0 0
Case #47: 1 0
Case #48: 7812 7811
Case #49: 7812 7811
Case #50: 0 0
Case #51: 0 0
Case #52: 1 0
Case #53: 1 0
Case #54: 0 0
Case #55: 1 1
Case #56: 1 0
Case #57: 1 1
Case #58: 1 1
Case #59: 3 2
Case #60: 0 0
Case #61: 1 0
Case #62: 0 0
Case #63: 0 0
Case #64: 0 0
Case #65: 0 0
Case #66: 0 0
Case #67: 3905 3905
Case #68: 1 0
Case #69: 3 2
Case #70: 1 0
Case #71: 0 0
Case #72: 2 2
Case #73: 0 0
Case #74: 1 0
Case #75: 0 0
Case #76: 0 0
Case #77: 499999 499999
Case #78: 1 0
Case #79: 1 1
Case #80: 500000 499999
Case #81: 0 0
Case #82: 125000 124999
Case #83: 1 0
Case #84: 0 0
Case #85: 0 0
Case #86: 0 0
Case #87: 0 0
Case #88: 0 0
Case #89: 1 0
Case #90: 1 0
Case #91: 0 0
Case #92: 1 0
Case #93: 3906 3905
Case #94: 0 0
Case #95: 0 0
Case #96: 1 0
Case #97: 0 0
Case #98: 1 1
Case #99: 0 0
Case #100: 1 1
