Case #1: 1 0
Case #2: 1 0
Case #3: 1 1
Case #4: 0 0
Case #5: 500 499
Case #6: 5 4
Case #7: 2 2
Case #8: 2 1
Case #9: 1 0
Case #10: 1 0
Case #11: 1 0
Case #12: 0 0
Case #13: 0 0
Case #14: 0 0
Case #15: 0 0
Case #16: 500000 499999
Case #17: 1 0
Case #18: 0 0
Case #19: 0 0
Case #20: 1 1
Case #21: 0 0
Case #22: 0 0
