Case #1: 3
Case #2: 0
Case #3: IMPOSSIBLE
Case #4: 2
Case #5: 4
Case #6: IMPOSSIBLE
Case #7: IMPOSSIBLE
Case #8: IMPOSSIBLE
Case #9: 1
Case #10: IMPOSSIBLE
Case #11: 1
Case #12: 2
Case #13: IMPOSSIBLE
Case #14: 2
Case #15: IMPOSSIBLE
Case #16: IMPOSSIBLE
Case #17: IMPOSSIBLE
Case #18: 1
