Case #1: 129
Case #2: 999
Case #3: 7
Case #4: 99999999999999999
Case #5: 123469
Case #6: 99999
Case #7: 123456699
Case #8: 9
Case #9: 9
Case #10: 999999999999999999
Case #11: 99999999999
Case #12: 2339999999999
Case #13: 99999
Case #14: 111999999
Case #15: 9999
Case #16: 12339999
Case #17: 9999
Case #18: 899
Case #19: 8999999999
Case #20: 11111111111111111
Case #21: 123449999
Case #22: 111223333333999999
