Case #1: 2
Case #2: 4
Case #3: 2
Case #4: 2
Case #5: 2
Case #6: 2
Case #7: 2
Case #8: 2
Case #9: 2
Case #10: 2
Case #11: 2
