Case #1: 103
Case #2: 104
Case #3: 101
Case #4: 101
Case #5: 101
Case #6: 100
Case #7: 100
Case #8: 100
